Archive member included because of file (symbol)

/usr/lib/gcc/avr/4.8.2/avr4/libgcc.a(_umulhisi3.o)
                              ./ds18x20.o (__umulhisi3)
/usr/lib/gcc/avr/4.8.2/avr4/libgcc.a(_divmodhi4.o)
                              ./ds18x20.o (__divmodhi4)
/usr/lib/gcc/avr/4.8.2/avr4/libgcc.a(_divmodsi4.o)
                              ./ds18x20.o (__divmodsi4)
/usr/lib/gcc/avr/4.8.2/avr4/libgcc.a(_negsi2.o)
                              /usr/lib/gcc/avr/4.8.2/avr4/libgcc.a(_divmodsi4.o) (__negsi2)
/usr/lib/gcc/avr/4.8.2/avr4/libgcc.a(_exit.o)
                              /usr/lib/gcc/avr/4.8.2/../../../avr/lib/avr4/crtm8515.o (exit)
/usr/lib/gcc/avr/4.8.2/avr4/libgcc.a(_copy_data.o)
                              ./main.o (__do_copy_data)
/usr/lib/gcc/avr/4.8.2/avr4/libgcc.a(_clear_bss.o)
                              ./main.o (__do_clear_bss)
/usr/lib/gcc/avr/4.8.2/avr4/libgcc.a(_udivmodhi4.o)
                              /usr/lib/gcc/avr/4.8.2/avr4/libgcc.a(_divmodhi4.o) (__udivmodhi4)
/usr/lib/gcc/avr/4.8.2/avr4/libgcc.a(_udivmodsi4.o)
                              /usr/lib/gcc/avr/4.8.2/avr4/libgcc.a(_divmodsi4.o) (__udivmodsi4)
/usr/lib/gcc/avr/4.8.2/../../../avr/lib/avr4/libc.a(itoa.o)
                              ./lcd.o (itoa)
/usr/lib/gcc/avr/4.8.2/../../../avr/lib/avr4/libc.a(strrev.o)
                              /usr/lib/gcc/avr/4.8.2/../../../avr/lib/avr4/libc.a(itoa.o) (strrev)

Allocating common symbols
Common symbol       size              file

decicelsius         0x2               ./main.o
min                 0x1               ./main.o
sec                 0x1               ./main.o
gSensorIDs          0x8               ./main.o

Memory Configuration

Name             Origin             Length             Attributes
text             0x0000000000000000 0x0000000000002000 xr
data             0x0000000000800060 0x000000000000ffa0 rw !x
eeprom           0x0000000000810000 0x0000000000010000 rw !x
fuse             0x0000000000820000 0x0000000000000400 rw !x
lock             0x0000000000830000 0x0000000000000400 rw !x
signature        0x0000000000840000 0x0000000000000400 rw !x
user_signatures  0x0000000000850000 0x0000000000000400 rw !x
*default*        0x0000000000000000 0xffffffffffffffff

Linker script and memory map

LOAD /usr/lib/gcc/avr/4.8.2/../../../avr/lib/avr4/crtm8515.o
LOAD ./crc8.o
LOAD ./ds18x20.o
LOAD ./lcd.o
LOAD ./main.o
LOAD ./onewire.o
START GROUP
LOAD /usr/lib/gcc/avr/4.8.2/avr4/libgcc.a
LOAD /usr/lib/gcc/avr/4.8.2/../../../avr/lib/avr4/libm.a
LOAD /usr/lib/gcc/avr/4.8.2/../../../avr/lib/avr4/libc.a
END GROUP

.hash
 *(.hash)

.dynsym
 *(.dynsym)

.dynstr
 *(.dynstr)

.gnu.version
 *(.gnu.version)

.gnu.version_d
 *(.gnu.version_d)

.gnu.version_r
 *(.gnu.version_r)

.rel.init
 *(.rel.init)

.rela.init
 *(.rela.init)

.rel.text
 *(.rel.text)
 *(.rel.text.*)
 *(.rel.gnu.linkonce.t*)

.rela.text
 *(.rela.text)
 *(.rela.text.*)
 *(.rela.gnu.linkonce.t*)

.rel.fini
 *(.rel.fini)

.rela.fini
 *(.rela.fini)

.rel.rodata
 *(.rel.rodata)
 *(.rel.rodata.*)
 *(.rel.gnu.linkonce.r*)

.rela.rodata
 *(.rela.rodata)
 *(.rela.rodata.*)
 *(.rela.gnu.linkonce.r*)

.rel.data
 *(.rel.data)
 *(.rel.data.*)
 *(.rel.gnu.linkonce.d*)

.rela.data
 *(.rela.data)
 *(.rela.data.*)
 *(.rela.gnu.linkonce.d*)

.rel.ctors
 *(.rel.ctors)

.rela.ctors
 *(.rela.ctors)

.rel.dtors
 *(.rel.dtors)

.rela.dtors
 *(.rela.dtors)

.rel.got
 *(.rel.got)

.rela.got
 *(.rela.got)

.rel.bss
 *(.rel.bss)

.rela.bss
 *(.rela.bss)

.rel.plt
 *(.rel.plt)

.rela.plt
 *(.rela.plt)

.text           0x0000000000000000      0xea4
 *(.vectors)
 .vectors       0x0000000000000000       0x22 /usr/lib/gcc/avr/4.8.2/../../../avr/lib/avr4/crtm8515.o
                0x0000000000000000                __vectors
                0x0000000000000000                __vector_default
 *(.vectors)
 *(.progmem.gcc*)
 *(.progmem*)
                0x0000000000000022                . = ALIGN (0x2)
                0x0000000000000022                __trampolines_start = .
 *(.trampolines)
 .trampolines   0x0000000000000022        0x0 linker stubs
 *(.trampolines*)
                0x0000000000000022                __trampolines_end = .
 *(.jumptables)
 *(.jumptables*)
 *(.lowtext)
 *(.lowtext*)
                0x0000000000000022                __ctors_start = .
 *(.ctors)
                0x0000000000000022                __ctors_end = .
                0x0000000000000022                __dtors_start = .
 *(.dtors)
                0x0000000000000022                __dtors_end = .
 SORT(*)(.ctors)
 SORT(*)(.dtors)
 *(.init0)
 .init0         0x0000000000000022        0x0 /usr/lib/gcc/avr/4.8.2/../../../avr/lib/avr4/crtm8515.o
                0x0000000000000022                __init
 *(.init0)
 *(.init1)
 *(.init1)
 *(.init2)
 .init2         0x0000000000000022        0xc /usr/lib/gcc/avr/4.8.2/../../../avr/lib/avr4/crtm8515.o
 *(.init2)
 *(.init3)
 *(.init3)
 *(.init4)
 .init4         0x000000000000002e       0x16 /usr/lib/gcc/avr/4.8.2/avr4/libgcc.a(_copy_data.o)
                0x000000000000002e                __do_copy_data
 .init4         0x0000000000000044       0x10 /usr/lib/gcc/avr/4.8.2/avr4/libgcc.a(_clear_bss.o)
                0x0000000000000044                __do_clear_bss
 *(.init4)
 *(.init5)
 *(.init5)
 *(.init6)
 *(.init6)
 *(.init7)
 *(.init7)
 *(.init8)
 *(.init8)
 *(.init9)
 .init9         0x0000000000000054        0x4 /usr/lib/gcc/avr/4.8.2/../../../avr/lib/avr4/crtm8515.o
 *(.init9)
 *(.text)
 .text          0x0000000000000058        0x2 /usr/lib/gcc/avr/4.8.2/../../../avr/lib/avr4/crtm8515.o
                0x0000000000000058                __vector_1
                0x0000000000000058                __vector_12
                0x0000000000000058                __bad_interrupt
                0x0000000000000058                __vector_6
                0x0000000000000058                __vector_3
                0x0000000000000058                __vector_11
                0x0000000000000058                __vector_13
                0x0000000000000058                __vector_7
                0x0000000000000058                __vector_5
                0x0000000000000058                __vector_9
                0x0000000000000058                __vector_2
                0x0000000000000058                __vector_15
                0x0000000000000058                __vector_8
                0x0000000000000058                __vector_10
                0x0000000000000058                __vector_16
 .text          0x000000000000005a        0x0 ./crc8.o
 .text          0x000000000000005a        0x0 ./ds18x20.o
 .text          0x000000000000005a        0x0 ./lcd.o
 .text          0x000000000000005a        0x0 ./main.o
 .text          0x000000000000005a        0x0 ./onewire.o
 .text          0x000000000000005a        0x0 /usr/lib/gcc/avr/4.8.2/avr4/libgcc.a(_umulhisi3.o)
 .text          0x000000000000005a        0x0 /usr/lib/gcc/avr/4.8.2/avr4/libgcc.a(_divmodhi4.o)
 .text          0x000000000000005a        0x0 /usr/lib/gcc/avr/4.8.2/avr4/libgcc.a(_divmodsi4.o)
 .text          0x000000000000005a        0x0 /usr/lib/gcc/avr/4.8.2/avr4/libgcc.a(_negsi2.o)
 .text          0x000000000000005a        0x0 /usr/lib/gcc/avr/4.8.2/avr4/libgcc.a(_exit.o)
 .text          0x000000000000005a        0x0 /usr/lib/gcc/avr/4.8.2/avr4/libgcc.a(_copy_data.o)
 .text          0x000000000000005a        0x0 /usr/lib/gcc/avr/4.8.2/avr4/libgcc.a(_clear_bss.o)
 .text          0x000000000000005a        0x0 /usr/lib/gcc/avr/4.8.2/avr4/libgcc.a(_udivmodhi4.o)
 .text          0x000000000000005a        0x0 /usr/lib/gcc/avr/4.8.2/avr4/libgcc.a(_udivmodsi4.o)
 .text          0x000000000000005a        0x0 /usr/lib/gcc/avr/4.8.2/../../../avr/lib/avr4/libc.a(itoa.o)
 .text          0x000000000000005a        0x0 /usr/lib/gcc/avr/4.8.2/../../../avr/lib/avr4/libc.a(strrev.o)
                0x000000000000005a                . = ALIGN (0x2)
 *(.text.*)
 .text.crc8     0x000000000000005a       0x3e ./crc8.o
                0x000000000000005a                crc8
 .text.DS18X20_raw_to_decicelsius
                0x0000000000000098       0xf4 ./ds18x20.o
 .text.DS18X20_raw_to_maxres
                0x000000000000018c       0xb2 ./ds18x20.o
 .text.read_scratchpad
                0x000000000000023e       0x48 ./ds18x20.o
 .text.DS18X20_find_sensor
                0x0000000000000286       0x46 ./ds18x20.o
                0x0000000000000286                DS18X20_find_sensor
 .text.DS18X20_get_power_status
                0x00000000000002cc       0x24 ./ds18x20.o
                0x00000000000002cc                DS18X20_get_power_status
 .text.DS18X20_start_meas
                0x00000000000002f0       0x3c ./ds18x20.o
                0x00000000000002f0                DS18X20_start_meas
 .text.DS18X20_conversion_in_progress
                0x000000000000032c        0xe ./ds18x20.o
                0x000000000000032c                DS18X20_conversion_in_progress
 .text.DS18X20_format_from_decicelsius
                0x000000000000033a      0x10c ./ds18x20.o
                0x000000000000033a                DS18X20_format_from_decicelsius
 .text.DS18X20_read_decicelsius
                0x0000000000000446       0x66 ./ds18x20.o
                0x0000000000000446                DS18X20_read_decicelsius
 .text.DS18X20_read_decicelsius_single
                0x00000000000004ac       0x60 ./ds18x20.o
                0x00000000000004ac                DS18X20_read_decicelsius_single
 .text.DS18X20_read_maxres
                0x000000000000050c       0x6a ./ds18x20.o
                0x000000000000050c                DS18X20_read_maxres
 .text.DS18X20_read_maxres_single
                0x0000000000000576       0x64 ./ds18x20.o
                0x0000000000000576                DS18X20_read_maxres_single
 .text.DS18X20_format_from_maxres
                0x00000000000005da      0x176 ./ds18x20.o
                0x00000000000005da                DS18X20_format_from_maxres
 .text.DS18X20_write_scratchpad
                0x0000000000000750       0x60 ./ds18x20.o
                0x0000000000000750                DS18X20_write_scratchpad
 .text.DS18X20_read_scratchpad
                0x00000000000007b0       0x48 ./ds18x20.o
                0x00000000000007b0                DS18X20_read_scratchpad
 .text.DS18X20_scratchpad_to_eeprom
                0x00000000000007f8       0x50 ./ds18x20.o
                0x00000000000007f8                DS18X20_scratchpad_to_eeprom
 .text.DS18X20_eeprom_to_scratchpad
                0x0000000000000848       0x3a ./ds18x20.o
                0x0000000000000848                DS18X20_eeprom_to_scratchpad
 .text.lcd_write
                0x0000000000000882       0x5e ./lcd.o
 .text.lcd_read.constprop.0
                0x00000000000008e0       0x42 ./lcd.o
 .text.lcd_waitbusy
                0x0000000000000922        0xa ./lcd.o
 .text.lcd_command
                0x000000000000092c        0xe ./lcd.o
                0x000000000000092c                lcd_command
 .text.lcd_data
                0x000000000000093a        0xe ./lcd.o
                0x000000000000093a                lcd_data
 .text.lcd_gotoxy
                0x0000000000000948       0x20 ./lcd.o
                0x0000000000000948                lcd_gotoxy
 .text.lcd_getxy
                0x0000000000000968        0x6 ./lcd.o
                0x0000000000000968                lcd_getxy
 .text.lcd_clrscr
                0x000000000000096e        0x8 ./lcd.o
                0x000000000000096e                lcd_clrscr
 .text.lcd_home
                0x0000000000000976        0x8 ./lcd.o
                0x0000000000000976                lcd_home
 .text.lcd_putc
                0x000000000000097e       0x26 ./lcd.o
                0x000000000000097e                lcd_putc
 .text.lcd_puts
                0x00000000000009a4       0x1e ./lcd.o
                0x00000000000009a4                lcd_puts
 .text.lcd_put_num
                0x00000000000009c2       0x52 ./lcd.o
                0x00000000000009c2                lcd_put_num
 .text.lcd_puts_p
                0x0000000000000a14       0x22 ./lcd.o
                0x0000000000000a14                lcd_puts_p
 .text.lcd_init
                0x0000000000000a36       0x82 ./lcd.o
                0x0000000000000a36                lcd_init
 .text.__vector_14
                0x0000000000000ab8       0x14 ./main.o
                0x0000000000000ab8                __vector_14
 .text.__vector_4
                0x0000000000000acc       0x38 ./main.o
                0x0000000000000acc                __vector_4
 .text.setupTimers
                0x0000000000000b04       0x2e ./main.o
                0x0000000000000b04                setupTimers
 .text.startup.main
                0x0000000000000b32       0x4a ./main.o
                0x0000000000000b32                main
 .text.ow_bit_io_intern
                0x0000000000000b7c       0x3e ./onewire.o
 .text.ow_input_pin_state
                0x0000000000000bba        0x6 ./onewire.o
                0x0000000000000bba                ow_input_pin_state
 .text.ow_parasite_enable
                0x0000000000000bc0        0x6 ./onewire.o
                0x0000000000000bc0                ow_parasite_enable
 .text.ow_parasite_disable
                0x0000000000000bc6        0x4 ./onewire.o
                0x0000000000000bc6                ow_parasite_disable
 .text.ow_reset
                0x0000000000000bca       0x32 ./onewire.o
                0x0000000000000bca                ow_reset
 .text.ow_bit_io
                0x0000000000000bfc        0x6 ./onewire.o
                0x0000000000000bfc                ow_bit_io
 .text.ow_byte_wr
                0x0000000000000c02       0x22 ./onewire.o
                0x0000000000000c02                ow_byte_wr
 .text.ow_byte_wr_with_parasite_enable
                0x0000000000000c24       0x30 ./onewire.o
                0x0000000000000c24                ow_byte_wr_with_parasite_enable
 .text.ow_command_intern
                0x0000000000000c54       0x54 ./onewire.o
 .text.ow_byte_rd
                0x0000000000000ca8        0x4 ./onewire.o
                0x0000000000000ca8                ow_byte_rd
 .text.ow_rom_search
                0x0000000000000cac       0xac ./onewire.o
                0x0000000000000cac                ow_rom_search
 .text.ow_command
                0x0000000000000d58        0x4 ./onewire.o
                0x0000000000000d58                ow_command
 .text.ow_command_with_parasite_enable
                0x0000000000000d5c        0x4 ./onewire.o
                0x0000000000000d5c                ow_command_with_parasite_enable
 .text.libgcc.mul
                0x0000000000000d60       0x18 /usr/lib/gcc/avr/4.8.2/avr4/libgcc.a(_umulhisi3.o)
                0x0000000000000d60                __umulhisi3
 .text.libgcc.div
                0x0000000000000d78        0x0 /usr/lib/gcc/avr/4.8.2/avr4/libgcc.a(_umulhisi3.o)
 .text.libgcc   0x0000000000000d78        0x0 /usr/lib/gcc/avr/4.8.2/avr4/libgcc.a(_umulhisi3.o)
 .text.libgcc.prologue
                0x0000000000000d78        0x0 /usr/lib/gcc/avr/4.8.2/avr4/libgcc.a(_umulhisi3.o)
 .text.libgcc.builtins
                0x0000000000000d78        0x0 /usr/lib/gcc/avr/4.8.2/avr4/libgcc.a(_umulhisi3.o)
 .text.libgcc.fmul
                0x0000000000000d78        0x0 /usr/lib/gcc/avr/4.8.2/avr4/libgcc.a(_umulhisi3.o)
 .text.libgcc.fixed
                0x0000000000000d78        0x0 /usr/lib/gcc/avr/4.8.2/avr4/libgcc.a(_umulhisi3.o)
 .text.libgcc.mul
                0x0000000000000d78        0x0 /usr/lib/gcc/avr/4.8.2/avr4/libgcc.a(_divmodhi4.o)
 .text.libgcc.div
                0x0000000000000d78       0x26 /usr/lib/gcc/avr/4.8.2/avr4/libgcc.a(_divmodhi4.o)
                0x0000000000000d78                __divmodhi4
                0x0000000000000d78                _div
 .text.libgcc   0x0000000000000d9e        0x0 /usr/lib/gcc/avr/4.8.2/avr4/libgcc.a(_divmodhi4.o)
 .text.libgcc.prologue
                0x0000000000000d9e        0x0 /usr/lib/gcc/avr/4.8.2/avr4/libgcc.a(_divmodhi4.o)
 .text.libgcc.builtins
                0x0000000000000d9e        0x0 /usr/lib/gcc/avr/4.8.2/avr4/libgcc.a(_divmodhi4.o)
 .text.libgcc.fmul
                0x0000000000000d9e        0x0 /usr/lib/gcc/avr/4.8.2/avr4/libgcc.a(_divmodhi4.o)
 .text.libgcc.fixed
                0x0000000000000d9e        0x0 /usr/lib/gcc/avr/4.8.2/avr4/libgcc.a(_divmodhi4.o)
 .text.libgcc.mul
                0x0000000000000d9e        0x0 /usr/lib/gcc/avr/4.8.2/avr4/libgcc.a(_divmodsi4.o)
 .text.libgcc.div
                0x0000000000000d9e       0x28 /usr/lib/gcc/avr/4.8.2/avr4/libgcc.a(_divmodsi4.o)
                0x0000000000000d9e                __divmodsi4
 .text.libgcc   0x0000000000000dc6        0x0 /usr/lib/gcc/avr/4.8.2/avr4/libgcc.a(_divmodsi4.o)
 .text.libgcc.prologue
                0x0000000000000dc6        0x0 /usr/lib/gcc/avr/4.8.2/avr4/libgcc.a(_divmodsi4.o)
 .text.libgcc.builtins
                0x0000000000000dc6        0x0 /usr/lib/gcc/avr/4.8.2/avr4/libgcc.a(_divmodsi4.o)
 .text.libgcc.fmul
                0x0000000000000dc6        0x0 /usr/lib/gcc/avr/4.8.2/avr4/libgcc.a(_divmodsi4.o)
 .text.libgcc.fixed
                0x0000000000000dc6        0x0 /usr/lib/gcc/avr/4.8.2/avr4/libgcc.a(_divmodsi4.o)
 .text.libgcc.mul
                0x0000000000000dc6        0x0 /usr/lib/gcc/avr/4.8.2/avr4/libgcc.a(_negsi2.o)
 .text.libgcc.div
                0x0000000000000dc6       0x10 /usr/lib/gcc/avr/4.8.2/avr4/libgcc.a(_negsi2.o)
                0x0000000000000dc6                __negsi2
 .text.libgcc   0x0000000000000dd6        0x0 /usr/lib/gcc/avr/4.8.2/avr4/libgcc.a(_negsi2.o)
 .text.libgcc.prologue
                0x0000000000000dd6        0x0 /usr/lib/gcc/avr/4.8.2/avr4/libgcc.a(_negsi2.o)
 .text.libgcc.builtins
                0x0000000000000dd6        0x0 /usr/lib/gcc/avr/4.8.2/avr4/libgcc.a(_negsi2.o)
 .text.libgcc.fmul
                0x0000000000000dd6        0x0 /usr/lib/gcc/avr/4.8.2/avr4/libgcc.a(_negsi2.o)
 .text.libgcc.fixed
                0x0000000000000dd6        0x0 /usr/lib/gcc/avr/4.8.2/avr4/libgcc.a(_negsi2.o)
 .text.libgcc.mul
                0x0000000000000dd6        0x0 /usr/lib/gcc/avr/4.8.2/avr4/libgcc.a(_exit.o)
 .text.libgcc.div
                0x0000000000000dd6        0x0 /usr/lib/gcc/avr/4.8.2/avr4/libgcc.a(_exit.o)
 .text.libgcc   0x0000000000000dd6        0x0 /usr/lib/gcc/avr/4.8.2/avr4/libgcc.a(_exit.o)
 .text.libgcc.prologue
                0x0000000000000dd6        0x0 /usr/lib/gcc/avr/4.8.2/avr4/libgcc.a(_exit.o)
 .text.libgcc.builtins
                0x0000000000000dd6        0x0 /usr/lib/gcc/avr/4.8.2/avr4/libgcc.a(_exit.o)
 .text.libgcc.fmul
                0x0000000000000dd6        0x0 /usr/lib/gcc/avr/4.8.2/avr4/libgcc.a(_exit.o)
 .text.libgcc.fixed
                0x0000000000000dd6        0x0 /usr/lib/gcc/avr/4.8.2/avr4/libgcc.a(_exit.o)
 .text.libgcc.mul
                0x0000000000000dd6        0x0 /usr/lib/gcc/avr/4.8.2/avr4/libgcc.a(_copy_data.o)
 .text.libgcc.div
                0x0000000000000dd6        0x0 /usr/lib/gcc/avr/4.8.2/avr4/libgcc.a(_copy_data.o)
 .text.libgcc   0x0000000000000dd6        0x0 /usr/lib/gcc/avr/4.8.2/avr4/libgcc.a(_copy_data.o)
 .text.libgcc.prologue
                0x0000000000000dd6        0x0 /usr/lib/gcc/avr/4.8.2/avr4/libgcc.a(_copy_data.o)
 .text.libgcc.builtins
                0x0000000000000dd6        0x0 /usr/lib/gcc/avr/4.8.2/avr4/libgcc.a(_copy_data.o)
 .text.libgcc.fmul
                0x0000000000000dd6        0x0 /usr/lib/gcc/avr/4.8.2/avr4/libgcc.a(_copy_data.o)
 .text.libgcc.fixed
                0x0000000000000dd6        0x0 /usr/lib/gcc/avr/4.8.2/avr4/libgcc.a(_copy_data.o)
 .text.libgcc.mul
                0x0000000000000dd6        0x0 /usr/lib/gcc/avr/4.8.2/avr4/libgcc.a(_clear_bss.o)
 .text.libgcc.div
                0x0000000000000dd6        0x0 /usr/lib/gcc/avr/4.8.2/avr4/libgcc.a(_clear_bss.o)
 .text.libgcc   0x0000000000000dd6        0x0 /usr/lib/gcc/avr/4.8.2/avr4/libgcc.a(_clear_bss.o)
 .text.libgcc.prologue
                0x0000000000000dd6        0x0 /usr/lib/gcc/avr/4.8.2/avr4/libgcc.a(_clear_bss.o)
 .text.libgcc.builtins
                0x0000000000000dd6        0x0 /usr/lib/gcc/avr/4.8.2/avr4/libgcc.a(_clear_bss.o)
 .text.libgcc.fmul
                0x0000000000000dd6        0x0 /usr/lib/gcc/avr/4.8.2/avr4/libgcc.a(_clear_bss.o)
 .text.libgcc.fixed
                0x0000000000000dd6        0x0 /usr/lib/gcc/avr/4.8.2/avr4/libgcc.a(_clear_bss.o)
 .text.libgcc.mul
                0x0000000000000dd6        0x0 /usr/lib/gcc/avr/4.8.2/avr4/libgcc.a(_udivmodhi4.o)
 .text.libgcc.div
                0x0000000000000dd6       0x28 /usr/lib/gcc/avr/4.8.2/avr4/libgcc.a(_udivmodhi4.o)
                0x0000000000000dd6                __udivmodhi4
 .text.libgcc   0x0000000000000dfe        0x0 /usr/lib/gcc/avr/4.8.2/avr4/libgcc.a(_udivmodhi4.o)
 .text.libgcc.prologue
                0x0000000000000dfe        0x0 /usr/lib/gcc/avr/4.8.2/avr4/libgcc.a(_udivmodhi4.o)
 .text.libgcc.builtins
                0x0000000000000dfe        0x0 /usr/lib/gcc/avr/4.8.2/avr4/libgcc.a(_udivmodhi4.o)
 .text.libgcc.fmul
                0x0000000000000dfe        0x0 /usr/lib/gcc/avr/4.8.2/avr4/libgcc.a(_udivmodhi4.o)
 .text.libgcc.fixed
                0x0000000000000dfe        0x0 /usr/lib/gcc/avr/4.8.2/avr4/libgcc.a(_udivmodhi4.o)
 .text.libgcc.mul
                0x0000000000000dfe        0x0 /usr/lib/gcc/avr/4.8.2/avr4/libgcc.a(_udivmodsi4.o)
 .text.libgcc.div
                0x0000000000000dfe       0x44 /usr/lib/gcc/avr/4.8.2/avr4/libgcc.a(_udivmodsi4.o)
                0x0000000000000dfe                __udivmodsi4
 .text.libgcc   0x0000000000000e42        0x0 /usr/lib/gcc/avr/4.8.2/avr4/libgcc.a(_udivmodsi4.o)
 .text.libgcc.prologue
                0x0000000000000e42        0x0 /usr/lib/gcc/avr/4.8.2/avr4/libgcc.a(_udivmodsi4.o)
 .text.libgcc.builtins
                0x0000000000000e42        0x0 /usr/lib/gcc/avr/4.8.2/avr4/libgcc.a(_udivmodsi4.o)
 .text.libgcc.fmul
                0x0000000000000e42        0x0 /usr/lib/gcc/avr/4.8.2/avr4/libgcc.a(_udivmodsi4.o)
 .text.libgcc.fixed
                0x0000000000000e42        0x0 /usr/lib/gcc/avr/4.8.2/avr4/libgcc.a(_udivmodsi4.o)
 .text.avr-libc
                0x0000000000000e42       0x3e /usr/lib/gcc/avr/4.8.2/../../../avr/lib/avr4/libc.a(itoa.o)
                0x0000000000000e42                itoa
 .text.avr-libc
                0x0000000000000e80       0x20 /usr/lib/gcc/avr/4.8.2/../../../avr/lib/avr4/libc.a(strrev.o)
                0x0000000000000e80                strrev
                0x0000000000000ea0                . = ALIGN (0x2)
 *(.fini9)
 .fini9         0x0000000000000ea0        0x0 /usr/lib/gcc/avr/4.8.2/avr4/libgcc.a(_exit.o)
                0x0000000000000ea0                exit
                0x0000000000000ea0                _exit
 *(.fini9)
 *(.fini8)
 *(.fini8)
 *(.fini7)
 *(.fini7)
 *(.fini6)
 *(.fini6)
 *(.fini5)
 *(.fini5)
 *(.fini4)
 *(.fini4)
 *(.fini3)
 *(.fini3)
 *(.fini2)
 *(.fini2)
 *(.fini1)
 *(.fini1)
 *(.fini0)
 .fini0         0x0000000000000ea0        0x4 /usr/lib/gcc/avr/4.8.2/avr4/libgcc.a(_exit.o)
 *(.fini0)
                0x0000000000000ea4                _etext = .

.data           0x0000000000800060       0x2a load address 0x0000000000000ea4
                0x0000000000800060                PROVIDE (__data_start, .)
 *(.data)
 .data          0x0000000000800060        0x0 /usr/lib/gcc/avr/4.8.2/../../../avr/lib/avr4/crtm8515.o
 .data          0x0000000000800060        0x0 ./crc8.o
 .data          0x0000000000800060        0x0 ./ds18x20.o
 .data          0x0000000000800060        0x0 ./lcd.o
 .data          0x0000000000800060        0x0 ./main.o
 .data          0x0000000000800060        0x0 ./onewire.o
 .data          0x0000000000800060        0x0 /usr/lib/gcc/avr/4.8.2/avr4/libgcc.a(_umulhisi3.o)
 .data          0x0000000000800060        0x0 /usr/lib/gcc/avr/4.8.2/avr4/libgcc.a(_divmodhi4.o)
 .data          0x0000000000800060        0x0 /usr/lib/gcc/avr/4.8.2/avr4/libgcc.a(_divmodsi4.o)
 .data          0x0000000000800060        0x0 /usr/lib/gcc/avr/4.8.2/avr4/libgcc.a(_negsi2.o)
 .data          0x0000000000800060        0x0 /usr/lib/gcc/avr/4.8.2/avr4/libgcc.a(_exit.o)
 .data          0x0000000000800060        0x0 /usr/lib/gcc/avr/4.8.2/avr4/libgcc.a(_copy_data.o)
 .data          0x0000000000800060        0x0 /usr/lib/gcc/avr/4.8.2/avr4/libgcc.a(_clear_bss.o)
 .data          0x0000000000800060        0x0 /usr/lib/gcc/avr/4.8.2/avr4/libgcc.a(_udivmodhi4.o)
 .data          0x0000000000800060        0x0 /usr/lib/gcc/avr/4.8.2/avr4/libgcc.a(_udivmodsi4.o)
 .data          0x0000000000800060        0x0 /usr/lib/gcc/avr/4.8.2/../../../avr/lib/avr4/libc.a(itoa.o)
 .data          0x0000000000800060        0x0 /usr/lib/gcc/avr/4.8.2/../../../avr/lib/avr4/libc.a(strrev.o)
 *(.data*)
 *(.rodata)
 *(.rodata*)
 .rodata.str1.1
                0x0000000000800060       0x2a ./main.o
 *(.gnu.linkonce.d*)
                0x000000000080008a                . = ALIGN (0x2)
                0x000000000080008a                _edata = .
                0x000000000080008a                PROVIDE (__data_end, .)

.bss            0x000000000080008a        0xc
                0x000000000080008a                PROVIDE (__bss_start, .)
 *(.bss)
 .bss           0x000000000080008a        0x0 /usr/lib/gcc/avr/4.8.2/../../../avr/lib/avr4/crtm8515.o
 .bss           0x000000000080008a        0x0 ./crc8.o
 .bss           0x000000000080008a        0x0 ./ds18x20.o
 .bss           0x000000000080008a        0x0 ./lcd.o
 .bss           0x000000000080008a        0x0 ./main.o
 .bss           0x000000000080008a        0x0 ./onewire.o
 .bss           0x000000000080008a        0x0 /usr/lib/gcc/avr/4.8.2/avr4/libgcc.a(_umulhisi3.o)
 .bss           0x000000000080008a        0x0 /usr/lib/gcc/avr/4.8.2/avr4/libgcc.a(_divmodhi4.o)
 .bss           0x000000000080008a        0x0 /usr/lib/gcc/avr/4.8.2/avr4/libgcc.a(_divmodsi4.o)
 .bss           0x000000000080008a        0x0 /usr/lib/gcc/avr/4.8.2/avr4/libgcc.a(_negsi2.o)
 .bss           0x000000000080008a        0x0 /usr/lib/gcc/avr/4.8.2/avr4/libgcc.a(_exit.o)
 .bss           0x000000000080008a        0x0 /usr/lib/gcc/avr/4.8.2/avr4/libgcc.a(_copy_data.o)
 .bss           0x000000000080008a        0x0 /usr/lib/gcc/avr/4.8.2/avr4/libgcc.a(_clear_bss.o)
 .bss           0x000000000080008a        0x0 /usr/lib/gcc/avr/4.8.2/avr4/libgcc.a(_udivmodhi4.o)
 .bss           0x000000000080008a        0x0 /usr/lib/gcc/avr/4.8.2/avr4/libgcc.a(_udivmodsi4.o)
 .bss           0x000000000080008a        0x0 /usr/lib/gcc/avr/4.8.2/../../../avr/lib/avr4/libc.a(itoa.o)
 .bss           0x000000000080008a        0x0 /usr/lib/gcc/avr/4.8.2/../../../avr/lib/avr4/libc.a(strrev.o)
 *(.bss*)
 *(COMMON)
 COMMON         0x000000000080008a        0xc ./main.o
                0x000000000080008a                decicelsius
                0x000000000080008c                min
                0x000000000080008d                sec
                0x000000000080008e                gSensorIDs
                0x0000000000800096                PROVIDE (__bss_end, .)
                0x0000000000000ea4                __data_load_start = LOADADDR (.data)
                0x0000000000000ece                __data_load_end = (__data_load_start + SIZEOF (.data))

.noinit         0x0000000000800096        0x0
                0x0000000000800096                PROVIDE (__noinit_start, .)
 *(.noinit*)
                0x0000000000800096                PROVIDE (__noinit_end, .)
                0x0000000000800096                _end = .
                0x0000000000800096                PROVIDE (__heap_start, .)

.eeprom         0x0000000000810000        0x0
 *(.eeprom*)
                0x0000000000810000                __eeprom_end = .

.fuse
 *(.fuse)
 *(.lfuse)
 *(.hfuse)
 *(.efuse)

.lock
 *(.lock*)

.signature
 *(.signature*)

.user_signatures
 *(.user_signatures*)

.stab           0x0000000000000000     0x3e70
 *(.stab)
 .stab          0x0000000000000000      0x6cc /usr/lib/gcc/avr/4.8.2/../../../avr/lib/avr4/crtm8515.o
 .stab          0x00000000000006cc      0x4e0 ./crc8.o
                                        0x4ec (size before relaxing)
 .stab          0x0000000000000bac     0x1380 ./ds18x20.o
                                       0x14f4 (size before relaxing)
 .stab          0x0000000000001f2c      0xcf0 ./lcd.o
                                        0xedc (size before relaxing)
 .stab          0x0000000000002c1c      0x4d4 ./main.o
                                        0x6fc (size before relaxing)
 .stab          0x00000000000030f0      0xaf8 ./onewire.o
                                        0xcc0 (size before relaxing)
 .stab          0x0000000000003be8      0x1b0 /usr/lib/gcc/avr/4.8.2/../../../avr/lib/avr4/libc.a(itoa.o)
                                        0x1bc (size before relaxing)
 .stab          0x0000000000003d98       0xd8 /usr/lib/gcc/avr/4.8.2/../../../avr/lib/avr4/libc.a(strrev.o)
                                         0xe4 (size before relaxing)

.stabstr        0x0000000000000000     0x1663
 *(.stabstr)
 .stabstr       0x0000000000000000     0x1663 /usr/lib/gcc/avr/4.8.2/../../../avr/lib/avr4/crtm8515.o

.stab.excl
 *(.stab.excl)

.stab.exclstr
 *(.stab.exclstr)

.stab.index
 *(.stab.index)

.stab.indexstr
 *(.stab.indexstr)

.comment        0x0000000000000000       0x11
 *(.comment)
 .comment       0x0000000000000000       0x11 ./crc8.o
                                         0x12 (size before relaxing)
 .comment       0x0000000000000000       0x12 ./ds18x20.o
 .comment       0x0000000000000000       0x12 ./lcd.o
 .comment       0x0000000000000000       0x12 ./main.o
 .comment       0x0000000000000000       0x12 ./onewire.o

.debug
 *(.debug)

.line
 *(.line)

.debug_srcinfo
 *(.debug_srcinfo)

.debug_sfnames
 *(.debug_sfnames)

.debug_aranges
 *(.debug_aranges)

.debug_pubnames
 *(.debug_pubnames)

.debug_info
 *(.debug_info)
 *(.gnu.linkonce.wi.*)

.debug_abbrev
 *(.debug_abbrev)

.debug_line
 *(.debug_line)

.debug_frame
 *(.debug_frame)

.debug_str
 *(.debug_str)

.debug_loc
 *(.debug_loc)

.debug_macinfo
 *(.debug_macinfo)

.debug_pubtypes
 *(.debug_pubtypes)

.debug_ranges
 *(.debug_ranges)

.debug_macro
 *(.debug_macro)
OUTPUT(Thermometer.elf elf32-avr)
LOAD linker stubs
